Switched to a new branch 'backups'
fatal: pathspec 'extensions/momentum_trading/data/*.json' did not match any files
remote: Permission to vasudsri/Momentum-Trader-private.git denied to SriramTransurban.
fatal: unable to access 'https://github.com/vasudsri/Momentum-Trader-private.git/': The requested URL returned error: 403
Switched to branch 'backups'
The following paths are ignored by one of your .gitignore files:
extensions/momentum_trading/data/orb_v2_backtest_log.csv
hint: Use -f if you really want to add them.
hint: Disable this message with "git config set advice.addIgnoredFile false"
To https://github.com/vasudsri/MyPersonalTradeFloor.git
   e35f027..534dee0  backups -> backups
Already on 'backups'
The following paths are ignored by one of your .gitignore files:
extensions/momentum_trading/data/orb_v2_backtest_log.csv
hint: Use -f if you really want to add them.
hint: Disable this message with "git config set advice.addIgnoredFile false"
Already on 'backups'
The following paths are ignored by one of your .gitignore files:
extensions/momentum_trading/data/orb_v2_backtest_log.csv
hint: Use -f if you really want to add them.
hint: Disable this message with "git config set advice.addIgnoredFile false"
To https://github.com/vasudsri/MyPersonalTradeFloor.git
   534dee0..9490138  backups -> backups
Already on 'backups'
The following paths are ignored by one of your .gitignore files:
extensions/momentum_trading/data/orb_v2_backtest_log.csv
hint: Use -f if you really want to add them.
hint: Disable this message with "git config set advice.addIgnoredFile false"
Already on 'backups'
The following paths are ignored by one of your .gitignore files:
extensions/momentum_trading/data/orb_v2_backtest_log.csv
hint: Use -f if you really want to add them.
hint: Disable this message with "git config set advice.addIgnoredFile false"
To https://github.com/vasudsri/MyPersonalTradeFloor.git
   9490138..b6ab185  backups -> backups
