--- Starting Trading Data Backup: 2026-03-28 23:17:20 ---
Creating backup branch: backups
[backups 7802e1d] Automated Backup: 2026-03-28 23:17:20
 4 files changed, 1389 insertions(+), 12 deletions(-)
 create mode 100644 extensions/momentum_trading/data/index_backtest_log.csv
 create mode 100644 extensions/momentum_trading/data/orb_backtest_log.csv
 create mode 100644 extensions/momentum_trading/data/orb_stocks_backtest_log.csv
Backup pushed to backups branch.
--- Backup Complete ---
--- Starting Trading Data Backup: 2026-04-02 23:00:02 ---
M	extensions/momentum_trading/data/backup.log
M	extensions/momentum_trading/data/daemon_error.log
M	extensions/momentum_trading/trading/risk.py
Your branch is up to date with 'origin/backups'.
[backups 534dee0] Automated Backup: 2026-04-02 23:00:02
 1 file changed, 9 insertions(+)
 create mode 100644 extensions/momentum_trading/configs/champion_orb_v1.json
Backup pushed to backups branch.
--- Backup Complete ---
--- Starting Trading Data Backup: 2026-04-03 23:00:05 ---
M	extensions/momentum_trading/data/backup.log
M	extensions/momentum_trading/data/backup_error.log
M	extensions/momentum_trading/data/daemon_error.log
M	extensions/momentum_trading/trading/risk.py
M	plan.md
M	run_trading_system.sh
Your branch is up to date with 'origin/backups'.
No changes to backup.
--- Backup Complete ---
--- Starting Trading Data Backup: 2026-04-04 23:14:22 ---
M	extensions/momentum_trading/data/backup.log
M	extensions/momentum_trading/data/backup_error.log
M	extensions/momentum_trading/data/daemon_error.log
M	extensions/momentum_trading/trading/floor.py
M	extensions/momentum_trading/trading/risk.py
M	plan.md
M	run_trading_system.sh
Your branch is up to date with 'origin/backups'.
[backups 9490138] Automated Backup: 2026-04-04 23:14:22
 1 file changed, 8 insertions(+)
 create mode 100644 extensions/momentum_trading/configs/openalgo.json
Backup pushed to backups branch.
--- Backup Complete ---
--- Starting Trading Data Backup: 2026-04-05 23:04:35 ---
M	extensions/momentum_trading/data/backup.log
M	extensions/momentum_trading/data/backup_error.log
M	extensions/momentum_trading/data/daemon_error.log
M	extensions/momentum_trading/trading/floor.py
M	extensions/momentum_trading/trading/risk.py
M	plan.md
M	run_trading_system.sh
Your branch is up to date with 'origin/backups'.
No changes to backup.
--- Backup Complete ---
--- Starting Trading Data Backup: 2026-04-06 23:00:03 ---
M	extensions/momentum_trading/data/backup.log
M	extensions/momentum_trading/data/backup_error.log
M	extensions/momentum_trading/data/battle_plan.json
M	extensions/momentum_trading/data/daemon_error.log
M	extensions/momentum_trading/trading/floor.py
M	extensions/momentum_trading/trading/risk.py
M	extensions/momentum_trading/trading/scanner.py
M	plan.md
M	run_trading_system.sh
M	scripts/morning_battle_plan.py
Your branch is up to date with 'origin/backups'.
[backups b6ab185] Automated Backup: 2026-04-06 23:00:03
 5 files changed, 5509 insertions(+), 89 deletions(-)
 create mode 100644 extensions/momentum_trading/configs/comprehensive_universe.json
 create mode 100644 extensions/momentum_trading/configs/dynamic_universe.json
 create mode 100644 extensions/momentum_trading/data/battle_plan_2026-04-06.json
 create mode 100644 extensions/momentum_trading/data/portfolio.json
Backup pushed to backups branch.
--- Backup Complete ---
